{
    "state": "IA",
    "map": [
        [
            0,
            3
        ],
        [
            1,
            3
        ],
        [
            2,
            1
        ],
        [
            3,
            2
        ],
        [
            4,
            4
        ],
        [
            5,
            1
        ],
        [
            6,
            1
        ],
        [
            7,
            4
        ],
        [
            8,
            1
        ],
        [
            9,
            1
        ],
        [
            10,
            4
        ],
        [
            11,
            4
        ],
        [
            12,
            4
        ],
        [
            13,
            4
        ],
        [
            14,
            3
        ],
        [
            15,
            2
        ],
        [
            16,
            4
        ],
        [
            17,
            4
        ],
        [
            18,
            4
        ],
        [
            19,
            2
        ],
        [
            20,
            4
        ],
        [
            21,
            1
        ],
        [
            22,
            2
        ],
        [
            23,
            4
        ],
        [
            24,
            3
        ],
        [
            25,
            2
        ],
        [
            26,
            2
        ],
        [
            27,
            1
        ],
        [
            28,
            2
        ],
        [
            29,
            4
        ],
        [
            30,
            1
        ],
        [
            31,
            4
        ],
        [
            32,
            1
        ],
        [
            33,
            4
        ],
        [
            34,
            4
        ],
        [
            35,
            3
        ],
        [
            36,
            4
        ],
        [
            37,
            4
        ],
        [
            38,
            3
        ],
        [
            39,
            4
        ],
        [
            40,
            4
        ],
        [
            41,
            4
        ],
        [
            42,
            4
        ],
        [
            43,
            2
        ],
        [
            44,
            1
        ],
        [
            45,
            4
        ],
        [
            46,
            4
        ],
        [
            47,
            1
        ],
        [
            48,
            1
        ],
        [
            49,
            2
        ],
        [
            50,
            2
        ],
        [
            51,
            2
        ],
        [
            52,
            1
        ],
        [
            53,
            2
        ],
        [
            54,
            4
        ],
        [
            55,
            2
        ],
        [
            56,
            1
        ],
        [
            57,
            2
        ],
        [
            58,
            2
        ],
        [
            59,
            4
        ],
        [
            60,
            3
        ],
        [
            61,
            2
        ],
        [
            62,
            2
        ],
        [
            63,
            1
        ],
        [
            64,
            3
        ],
        [
            65,
            1
        ],
        [
            66,
            4
        ],
        [
            67,
            2
        ],
        [
            68,
            3
        ],
        [
            69,
            2
        ],
        [
            70,
            4
        ],
        [
            71,
            4
        ],
        [
            72,
            3
        ],
        [
            73,
            4
        ],
        [
            74,
            4
        ],
        [
            75,
            4
        ],
        [
            76,
            3
        ],
        [
            77,
            3
        ],
        [
            78,
            1
        ],
        [
            79,
            3
        ],
        [
            80,
            4
        ],
        [
            81,
            2
        ],
        [
            82,
            4
        ],
        [
            83,
            4
        ],
        [
            84,
            4
        ],
        [
            85,
            1
        ],
        [
            86,
            3
        ],
        [
            87,
            3
        ],
        [
            88,
            2
        ],
        [
            89,
            2
        ],
        [
            90,
            3
        ],
        [
            91,
            2
        ],
        [
            92,
            2
        ],
        [
            93,
            4
        ],
        [
            94,
            4
        ],
        [
            95,
            1
        ],
        [
            96,
            4
        ],
        [
            97,
            1
        ],
        [
            98,
            4
        ]
    ]
}